/temps/4IF16.html (13 hits)
/apple-touch-icon.png (12 hits)
/temps/3IF37.html (11 hits)
/temps/precedent.gif (10 hits)
/temps/3IF38.html (9 hits)
/temps (8 hits)
/temps/5IF42.html (7 hits)
/favicon.html (6 hits)
/SiteWebIF/Intranet-etudiant.php (6 hits)
/temps/FondInsa.jpg (5 hits)

Fin de l'execution.
Merci d'avoir utilis√© cette application.
