Erreur dans l'option -t. L'heure spécifiée n'est pas valide.
Vous devez indiquer en paramètre derrière le -t une heure.
Syntaxe de l'option :

    [-t heure]
       Permet de ne prendre en compte que les hits qui sont dans le créneau horaire [heure, heure+1[.
       l'argument [heure] est donc un entier, allant de 0 à 23.

exemple d'appel :     ./LogApache.exe -h 12 /sousDossier/nomFichier.log
Pour plus d'informations sur le fonctionnement de cette application, vous pouvez vous reporter au README.txt
