/SiteWebIF/Intranet-etudiant.php (2 hits)
/favicon.html (2 hits)
/temps/4IF16.html (1 hits)
/apple-touch-icon.png (1 hits)
/temps/3IF37.html (1 hits)
/temps/precedent.gif (1 hits)
/temps/3IF38.html (1 hits)
/temps (1 hits)
/temps/5IF42.html (1 hits)
/temps/FondInsa.jpg (1 hits)

Fin de l'execution.
Merci d'avoir utilis√© cette application.