/temps/4IF16.html (3 hits)

Fin de l'execution.
Merci d'avoir utilis√© cette application.
