/favicon.html (6 hits)
/temps/3IF3.ics (5 hits)

Fin de l'execution.
Merci d'avoir utilis√© cette application.
